mechanism: session:
joe 3dbc88f0624776a737b39093f6eb6427
