README	efba0d5d	3412
Q.ou0	e4592b85	28742
Q.ou1	ea0b344d	39572
Qtest.c	efe2b3f4	5116
d.out	f271efc9	28131
dI.out	d522eef	4369
dIsi.out	1dd6d02f	4350
dItest.c	e33800ce	2371
dd.out	e262456e	40923
ddsi.out	1f94bbe2	10251
ddtest.c	ef71cbf3	4986
dt.c	e562c302	6808
dtest.c	9a5d01	4080
dtst.out	e284ac98	23711
f.out	9013e91	21537
ftest.c	1c824a88	4001
getround.c	ee95ed1	2502
makefile	f714a641	5634
pfLqtestnos	ffb9723	99
pftest.c	ea314d7f	3452
pftestQ.out	198434fd	830
pftestx.out	1ccea5dd	788
pftestLq.out	1691dbfc	845
pftestnos	ecbc9be6	101
rtestnos	f94bcdf6	336
strtoIdSI.c	7bfb88b	49
strtoIddSI.c	72e8852	50
strtodISI.c	ed08b740	49
strtodt.c	f1aa53af	3374
strtopddSI.c	13e7138d	50
strtorddSI.c	f7e4b1d5	50
testnos	e89999d6	485
testnos1	7e16229	294
testnos3	f5ae7ef3	14403
x.ou0	1402f834	25372
x.ou1	f1af5a00	34581
xL.ou0	faa3a741	26363
xL.ou1	e349e5c	37165
xLtest.c	ee11f673	4843
xQtest.c	efbe29be	1912
xtest.c	ec9f5deb	4834
