comment testing start
this is foo
This is how a comment looks: # comment
comment testing done
